[     505ms] [INFO] exp_bucket cookie is not set or has an invalid value. DTNR observability will not be initialized. @ https://dont-starve-game.fandom.com/vi/__cb3413557898015381/resources-ucp/mw143/dist/scripts/dtnr-observability.js:0
[     607ms] [WARNING] This page is using the deprecated ResourceLoader module "skin.fandomdesktop.styles".
[1.43] The use of the `interface-message-box` feature with SkinModule is deprecated in favor of CodexModule. Please remove this feature.More information can be found at [[mw:Manual:ResourceLoaderSkinModule]].  @ https://dont-starve-game.fandom.com/vi/wiki/T%C3%B4n_Ng%E1%BB%99_Kh%C3%B4ng:4342
[     975ms] [WARNING] This page is using the deprecated ResourceLoader module "mediawiki.Uri".
[1.43] Please use browser native URL. @ https://dont-starve-game.fandom.com/vi/load.php?cb=20230730025502&lang=vi&modules=startup&only=scripts&raw=1&skin=fandomdesktop:0
[     980ms] [WARNING] Use of "mw.RegExp.escape" is deprecated. Use mw.util.escapeRegExp() instead. @ https://dont-starve-game.fandom.com/vi/load.php?lang=vi&modules=mediawiki.base&skin=fandomdesktop&version=n1uts:1
[    1379ms] [ERROR] Failed to load resource: the server responded with a status of 404 () @ https://dont-starve-game.fandom.com/vi/wiki/JWPlayer.js:0
[    1396ms] [WARNING] react-i18next:: You will need to pass in an i18next instance by using initReactI18next @ https://auth.fandom.com/_next/static/chunks/pages/_app-46a2c845df66337f.js:0
[    2247ms] [LOG] %cSilverSurfer | 1.2413s | Manual pageview is enabled background-color: silver;;padding: 2px 4px;border-radius: 2px;color: #000 @ https://static.wikia.nocookie.net/silversurfer/prod/latest/sdk.js:0
[    2268ms] [INFO] Validated parent origin @ https://auth.fandom.com/_next/static/chunks/pages/auth/onetap/init-9a46c7e58433bbf4.js:0
[    2309ms] [WARNING] [GSI_LOGGER]: Your client application may not display Google One Tap when FedCM becomes mandatory. Opt-in to FedCM to test that you have the proper cross-origin permission policy set up. Ignore this message if One Tap is displayed after opt-in to FedCM. Learn more: (https://developers.google.com/identity/gsi/web/guides/fedcm-migration?s=dc#cross_origin) @ https://accounts.google.com/gsi/client:84
[    2309ms] [WARNING] [GSI_LOGGER]: Your client application uses one of the Google One Tap prompt UI status methods that may stop functioning when FedCM becomes mandatory. Refer to the migration guide to update your code accordingly and opt-in to FedCM to test your changes. Learn more: https://developers.google.com/identity/gsi/web/guides/fedcm-migration?s=dc#display_moment and https://developers.google.com/identity/gsi/web/guides/fedcm-migration?s=dc#skipped_moment @ https://accounts.google.com/gsi/client:84
[    2360ms] [ERROR] Not signed in with the identity provider. @ https://auth.fandom.com/auth/onetap/init?uselang=vi&wikiId=876637&vertical=games&metadata=one-tap&redirect=https%3A%2F%2Fdont-starve-game.fandom.com%2Fvi%2Fwiki%2FT%25C3%25B4n_Ng%25E1%25BB%2599_Kh%25C3%25B4ng:0
[    2460ms] [LOG] PLSUB init called 17765179299484193 @ https://cdn-gl.imrworldwide.com/novms/js/2/nlsSDK600.bundle.min.js:5
[    2740ms] [WARNING] [Odyssey] [p2]: waitForFandomTaxonomyPresent timed out undefined undefined @ https://script.wikia.nocookie.net/fandom-ae-assets/odyssey/host/production/main.js:0
[    2834ms] [ERROR] Failed to load resource: the server responded with a status of 404 () @ https://services.fandom.com/galactus-user-profile/profiles/jUkmUOXPFa:0
[    3502ms] [LOG] %cPathfinder | 3.4680s | Rendered modules color: #fff;padding: 2px 4px;border-radius: 2px;background-color: #334 [] @ https://static.wikia.nocookie.net/silversurfer/prod/latest/pathfinder.js:0
[    3504ms] [LOG] PHQ=false @ https://static.wikia.nocookie.net/silversurfer/prod/latest/pathfinder.js:0
[    5045ms] [ERROR] [GSI_LOGGER]: FedCM get() rejects with NetworkError: Error retrieving a token. @ https://accounts.google.com/gsi/client:85
[    5046ms] [ERROR] Attestation check for Shared Storage on https://www.googleadservices.com failed. @ https://www.googleadservices.com/pagead/managed/js/activeview/current/reach_worklet.html:0
[    5051ms] [ERROR] Attestation check for Shared Storage on https://www.googleadservices.com failed. @ https://www.googleadservices.com/pagead/managed/js/activeview/current/reach_worklet.html:0
[    5140ms] [ERROR] Attestation check for Shared Storage on https://www.googleadservices.com failed. @ https://www.googleadservices.com/pagead/managed/js/activeview/current/reach_worklet.html:0
[    5142ms] [ERROR] Attestation check for Shared Storage on https://www.googleadservices.com failed. @ https://www.googleadservices.com/pagead/managed/js/activeview/current/reach_worklet.html:0
[    5142ms] [ERROR] Failed to load resource: the server responded with a status of 503 () @ https://sync-amz.ads.yieldmo.com/tamptsync?callback=https%3A%2F%2Fs.amazon-adsystem.com%2Fecm3%3Fex%3Dym.com%26id%3D%24UID&gdpr=0:0
[    5143ms] [ERROR] Attestation check for Shared Storage on https://www.googleadservices.com failed. @ https://www.googleadservices.com/pagead/managed/js/activeview/current/reach_worklet.html:0
[    5377ms] [TIMEEND] a: 0.0009765625 ms @ https://static.adsafeprotected.com/sca.17.6.4.js:31
[    6847ms] [ERROR] Failed to load resource: the server responded with a status of 400 () @ https://match.prod.bidr.io/cookie-sync/connatix?redir=https%3A%2F%2Fcapi.connatix.com%2Fcore%2Fus%3FDemandPartner%3D15%26UserId%3D2-1c7d3edd3da44a17be7628fee18a3fbf%26DemandPartnerName%3DBeeswax%26tier%3D2%26uid%3D%7Buserid%7D&gdpr=0:0
[    5142ms] [ERROR] Failed to load resource: the server responded with a status of 503 () @ https://sync-amz.ads.yieldmo.com/tamptsync?callback=https%3A%2F%2Fs.amazon-adsystem.com%2Fecm3%3Fex%3Dym.com%26id%3D%24UID&gdpr=0:0
[    7894ms] [ERROR] Failed to load resource: the server responded with a status of 503 () @ https://sync-amz.ads.yieldmo.com/tamptsync?callback=https%3A%2F%2Fs.amazon-adsystem.com%2Fecm3%3Fex%3Dym.com%26id%3D%24UID&gdpr=0:0
[   11344ms] [ERROR] Failed to load resource: the server responded with a status of 400 (Bad Request) @ https://cpm.vistarsagency.com/user-sync?zone=297502&t=image&r=https%3A%2F%2Fprebid.admatic.de%2Fsetuid%3Fbidder%3Dvistar%26gdpr%3D%26gdpr_consent%3D%26f%3Di%26uid%3D%7BUID%7D:0
[   12370ms] [ERROR] Mixed Content: The page at 'https://dont-starve-game.fandom.com/vi/wiki/T%C3%B4n_Ng%E1%BB%99_Kh%C3%B4ng' was loaded over HTTPS, but requested an insecure frame 'http://sync.pmbmonetize.live/psync?t=s&e=247&gdpr=&gdpr_consent=&us_privacy=&gpp=&gpp_sid=&cb=https%3A%2F%2Fcookies.nextmillmedia.com%2Fsetuid%3Fbidder%3Dadipolo%26nmuid%3D28da2a13-c941-4a1a-bfa5-d728f0fdb81e%26gdpr%3D%26gdpr_consent%3D%26us_privacy%3D%26uid%3D%25USER_ID%25'. This request has been blocked; the content must be served over HTTPS. @ https://cookies.nextmillmedia.com/sync?redirect=https%3A%2F%2Fsync.adkernel.com%2Fuser-sync%3Fzone%3D338420%26dsp%3D836447%26t%3Diframe%26uid%3D%5BNMUID%5D:42
[   12489ms] [LOG] Recent pixels found, Skipping... @ https://usync.ingage.tech/?gdpr=&gdpr_consent=&us_privacy=&redirect=https%3A%2F%2Fcookies.nextmillmedia.com%2Fsetuid%3Fbidder%3Dinsticator%26nmuid%3D28da2a13-c941-4a1a-bfa5-d728f0fdb81e%26gdpr%3D%26gdpr_consent%3D%26us_privacy%3D%26uid%3D%24UID:0
[   12818ms] [WARNING] The resource https://services.fandom.com/icbm/api/config?app=fandomnoads&compact=true was preloaded using link preload but not used within a few seconds from the window's load event. Please make sure it has an appropriate `as` value and it is preloaded intentionally. @ https://dont-starve-game.fandom.com/vi/wiki/T%C3%B4n_Ng%E1%BB%99_Kh%C3%B4ng:0
[   11344ms] [ERROR] Failed to load resource: the server responded with a status of 400 (Bad Request) @ https://cpm.vistarsagency.com/user-sync?zone=297502&t=image&r=https%3A%2F%2Fprebid.admatic.de%2Fsetuid%3Fbidder%3Dvistar%26gdpr%3D%26gdpr_consent%3D%26f%3Di%26uid%3D%7BUID%7D:0
[   13610ms] [ERROR] Failed to load resource: the server responded with a status of 400 (Bad Request) @ https://cpm.vistarsagency.com/user-sync?zone=297502&t=image&r=https%3A%2F%2Fprebid.admatic.de%2Fsetuid%3Fbidder%3Dvistar%26gdpr%3D%26gdpr_consent%3D%26f%3Di%26uid%3D%7BUID%7D:0
[   13836ms] [ERROR] Failed to load resource: the server responded with a status of 404 (Not Found) @ https://us4.shb-sync.com/a760a5a7-e35e-49b8-9f5e-723455346741.gif?puid=5f43e620-1d26-f13c-d8a4-245b11c3ddb2&gdpr=&gdpr_consent=ccpa=:0
[   13922ms] [ERROR] Failed to load resource: the server responded with a status of 404 (Not Found) @ https://sync.colossusssp.com/vdz.gif?puid=5f43e620-1d26-f13c-d8a4-245b11c3ddb2&redir=https%3A%2F%2Fsync.cootlogix.com%2Fapi%2Fcookie%3FpartnerId%3Dcolossus%26gdpr%3D%26gdpr_consent%3D%26us_privacy%3D%26userId%3D%5BUID%5D:0
[   12370ms] [ERROR] Mixed Content: The page at 'https://dont-starve-game.fandom.com/vi/wiki/T%C3%B4n_Ng%E1%BB%99_Kh%C3%B4ng' was loaded over HTTPS, but requested an insecure frame 'http://sync.pmbmonetize.live/psync?t=s&e=247&gdpr=&gdpr_consent=&us_privacy=&gpp=&gpp_sid=&cb=https%3A%2F%2Fcookies.nextmillmedia.com%2Fsetuid%3Fbidder%3Dadipolo%26nmuid%3D28da2a13-c941-4a1a-bfa5-d728f0fdb81e%26gdpr%3D%26gdpr_consent%3D%26us_privacy%3D%26uid%3D%25USER_ID%25'. This request has been blocked; the content must be served over HTTPS. @ https://cookies.nextmillmedia.com/sync?redirect=https%3A%2F%2Fsync.adkernel.com%2Fuser-sync%3Fzone%3D338420%26dsp%3D836447%26t%3Diframe%26uid%3D%5BNMUID%5D:42
[   16372ms] [ERROR] %cSilverSurfer | 16.3370s | Cross domain timeout background-color: silver;;padding: 2px 4px;border-radius: 2px;color: #300 @ https://static.wikia.nocookie.net/silversurfer/prod/latest/sdk.js:0
