[     902ms] [INFO] exp_bucket cookie is not set or has an invalid value. DTNR observability will not be initialized. @ https://dont-starve-game.fandom.com/vi/__cb3413557898015381/resources-ucp/mw143/dist/scripts/dtnr-observability.js:0
[     999ms] [WARNING] This page is using the deprecated ResourceLoader module "skin.fandomdesktop.styles".
[1.43] The use of the `interface-message-box` feature with SkinModule is deprecated in favor of CodexModule. Please remove this feature.More information can be found at [[mw:Manual:ResourceLoaderSkinModule]].  @ https://dont-starve-game.fandom.com/vi/wiki/D%C6%B0%C6%A1ng_Ti%E1%BB%85n:4335
[    1182ms] [WARNING] This page is using the deprecated ResourceLoader module "mediawiki.Uri".
[1.43] Please use browser native URL. @ https://dont-starve-game.fandom.com/vi/load.php?cb=20230730025502&lang=vi&modules=startup&only=scripts&raw=1&skin=fandomdesktop:0
[    1183ms] [WARNING] Use of "mw.RegExp.escape" is deprecated. Use mw.util.escapeRegExp() instead. @ https://dont-starve-game.fandom.com/vi/load.php?lang=vi&modules=mediawiki.base&skin=fandomdesktop&version=n1uts:1
[    1316ms] [LOG] PLSUB init called 17765163393852447 @ https://cdn-gl.imrworldwide.com/novms/js/2/nlsSDK600.bundle.min.js:5
[    1559ms] [ERROR] Failed to load resource: the server responded with a status of 404 () @ https://dont-starve-game.fandom.com/vi/wiki/JWPlayer.js:0
[    1606ms] [WARNING] react-i18next:: You will need to pass in an i18next instance by using initReactI18next @ https://auth.fandom.com/_next/static/chunks/pages/_app-46a2c845df66337f.js:0
[    1630ms] [INFO] Validated parent origin @ https://auth.fandom.com/_next/static/chunks/pages/auth/onetap/init-9a46c7e58433bbf4.js:0
[    1634ms] [WARNING] [GSI_LOGGER]: Your client application may not display Google One Tap when FedCM becomes mandatory. Opt-in to FedCM to test that you have the proper cross-origin permission policy set up. Ignore this message if One Tap is displayed after opt-in to FedCM. Learn more: (https://developers.google.com/identity/gsi/web/guides/fedcm-migration?s=dc#cross_origin) @ https://accounts.google.com/gsi/client:84
[    1634ms] [WARNING] [GSI_LOGGER]: Your client application uses one of the Google One Tap prompt UI status methods that may stop functioning when FedCM becomes mandatory. Refer to the migration guide to update your code accordingly and opt-in to FedCM to test your changes. Learn more: https://developers.google.com/identity/gsi/web/guides/fedcm-migration?s=dc#display_moment and https://developers.google.com/identity/gsi/web/guides/fedcm-migration?s=dc#skipped_moment @ https://accounts.google.com/gsi/client:84
[    1635ms] [ERROR] Not signed in with the identity provider. @ https://auth.fandom.com/auth/onetap/init?uselang=vi&wikiId=876637&vertical=games&metadata=one-tap&redirect=https%3A%2F%2Fdont-starve-game.fandom.com%2Fvi%2Fwiki%2FD%25C6%25B0%25C6%25A1ng_Ti%25E1%25BB%2585n:0
[    1635ms] [WARNING] [Odyssey] [p2]: waitForFandomTaxonomyPresent timed out undefined undefined @ https://script.wikia.nocookie.net/fandom-ae-assets/odyssey/host/production/main.js:0
[    1662ms] [ERROR] Failed to load resource: the server responded with a status of 404 () @ https://services.fandom.com/galactus-user-profile/profiles/jUkmUOXPFa:0
[    1859ms] [LOG] %cSilverSurfer | 0.6678s | Manual pageview is enabled background-color: silver;;padding: 2px 4px;border-radius: 2px;color: #000 @ https://static.wikia.nocookie.net/silversurfer/prod/latest/sdk.js:0
[    2051ms] [LOG] %cPathfinder | 1.9941s | Rendered modules color: #fff;padding: 2px 4px;border-radius: 2px;background-color: #334 [] @ https://static.wikia.nocookie.net/silversurfer/prod/latest/pathfinder.js:0
[    2053ms] [LOG] PHQ=false @ https://static.wikia.nocookie.net/silversurfer/prod/latest/pathfinder.js:0
[    2142ms] [ERROR] Failed to load resource: the server responded with a status of 503 () @ https://sync-amz.ads.yieldmo.com/tamptsync?callback=https%3A%2F%2Fs.amazon-adsystem.com%2Fecm3%3Fex%3Dym.com%26id%3D%24UID&gdpr=0:0
[    3558ms] [TIMEEND] a: 0.0009765625 ms @ https://static.adsafeprotected.com/sca.17.6.4.js:31
[    3642ms] [ERROR] Refused to execute script from 'https://eb2.3lift.com/getuid?gpp=undefined&gpp_sid=undefined&gdpr=0&gdpr_consent=null&us_privacy=null&redir=https%3a%2f%2fcks.connatix.com%2fcks%3fpid%3d25%26ev%3d2-1c7d3edd3da44a17be7628fee18a3fbf%26pname%3dTripleLift%26api-tier%3d2%26uid%3d%24UID' because its MIME type ('image/gif') is not executable. @ https://dont-starve-game.fandom.com/vi/wiki/D%C6%B0%C6%A1ng_Ti%E1%BB%85n:0
[    4040ms] [ERROR] Attestation check for Shared Storage on https://www.googleadservices.com failed. @ https://www.googleadservices.com/pagead/managed/js/activeview/current/reach_worklet.html:0
[    4057ms] [ERROR] Failed to load resource: the server responded with a status of 400 () @ https://match.prod.bidr.io/cookie-sync/connatix?redir=https%3A%2F%2Fcapi.connatix.com%2Fcore%2Fus%3FDemandPartner%3D15%26UserId%3D2-1c7d3edd3da44a17be7628fee18a3fbf%26DemandPartnerName%3DBeeswax%26tier%3D2%26uid%3D%7Buserid%7D&gdpr=0:0
[    4076ms] [ERROR] Attestation check for Shared Storage on https://www.googleadservices.com failed. @ https://www.googleadservices.com/pagead/managed/js/activeview/current/reach_worklet.html:0
[    4078ms] [ERROR] Attestation check for Shared Storage on https://www.googleadservices.com failed. @ https://www.googleadservices.com/pagead/managed/js/activeview/current/reach_worklet.html:0
[    4079ms] [ERROR] Attestation check for Shared Storage on https://www.googleadservices.com failed. @ https://www.googleadservices.com/pagead/managed/js/activeview/current/reach_worklet.html:0
[    4080ms] [ERROR] Attestation check for Shared Storage on https://www.googleadservices.com failed. @ https://www.googleadservices.com/pagead/managed/js/activeview/current/reach_worklet.html:0
[    4154ms] [ERROR] Syncing cannot be made with  https://eb2.3lift.com/getuid?gpp=undefined&gpp_sid=undefined&gdpr=0&gdpr_consent=null&us_privacy=null&redir=https%3a%2f%2fcks.connatix.com%2fcks%3fpid%3d25%26ev%3d2-1c7d3edd3da44a17be7628fee18a3fbf%26pname%3dTripleLift%26api-tier%3d2%26uid%3d%24UID @ https://cds.connatix.com/p/313541063/cSyncRemote.js:0
[    2142ms] [ERROR] Failed to load resource: the server responded with a status of 503 () @ https://sync-amz.ads.yieldmo.com/tamptsync?callback=https%3A%2F%2Fs.amazon-adsystem.com%2Fecm3%3Fex%3Dym.com%26id%3D%24UID&gdpr=0:0
[    4987ms] [ERROR] Failed to load resource: the server responded with a status of 503 () @ https://sync-amz.ads.yieldmo.com/tamptsync?callback=https%3A%2F%2Fs.amazon-adsystem.com%2Fecm3%3Fex%3Dym.com%26id%3D%24UID&gdpr=0:0
[    6690ms] [ERROR] Failed to load resource: net::ERR_TOO_MANY_REDIRECTS @ https://user-sync.fwmrm.net/ad/u?dspid=29&dspuid=9213788c-dd89-4983-96ef-ebbd5d9989ff&gdpr=&gdpr_consent=&gpp=&gpp_sid=&mode=user-register&us_privacy=:0
[   15341ms] [ERROR] %cSilverSurfer | 15.2841s | Cross domain timeout background-color: silver;;padding: 2px 4px;border-radius: 2px;color: #300 @ https://static.wikia.nocookie.net/silversurfer/prod/latest/sdk.js:0
[   16214ms] [WARNING] The resource https://services.fandom.com/icbm/api/config?app=fandomdesktop&compact=true was preloaded using link preload but not used within a few seconds from the window's load event. Please make sure it has an appropriate `as` value and it is preloaded intentionally. @ https://dont-starve-game.fandom.com/vi/wiki/D%C6%B0%C6%A1ng_Ti%E1%BB%85n:0
[   16214ms] [WARNING] The resource https://services.fandom.com/icbm/api/config?app=fandomnoads&compact=true was preloaded using link preload but not used within a few seconds from the window's load event. Please make sure it has an appropriate `as` value and it is preloaded intentionally. @ https://dont-starve-game.fandom.com/vi/wiki/D%C6%B0%C6%A1ng_Ti%E1%BB%85n:0
