[     721ms] [INFO] exp_bucket cookie is not set or has an invalid value. DTNR observability will not be initialized. @ https://dont-starve-game.fandom.com/vi/__cb3413557898015381/resources-ucp/mw143/dist/scripts/dtnr-observability.js:0
[     737ms] [WARNING] This page is using the deprecated ResourceLoader module "skin.fandomdesktop.styles".
[1.43] The use of the `interface-message-box` feature with SkinModule is deprecated in favor of CodexModule. Please remove this feature.More information can be found at [[mw:Manual:ResourceLoaderSkinModule]].  @ https://dont-starve-game.fandom.com/vi/wiki/Na_Tra:4336
[    1726ms] [WARNING] This page is using the deprecated ResourceLoader module "mediawiki.Uri".
[1.43] Please use browser native URL. @ https://dont-starve-game.fandom.com/vi/load.php?cb=20230730025502&lang=vi&modules=startup&only=scripts&raw=1&skin=fandomdesktop:0
[    1732ms] [WARNING] Use of "mw.RegExp.escape" is deprecated. Use mw.util.escapeRegExp() instead. @ https://dont-starve-game.fandom.com/vi/load.php?lang=vi&modules=loadAC-DKnSDSch.js%7Cmediawiki.String%2CTitle%2CUri%2Capi%2Cbase%2Ccldr%2Ccookie%2CjqueryMsg%2Clanguage%2Cstorage%2Ctoc%2Cuser%2Cutil%7Cmediawiki.editfont.styles%7Cmediawiki.libs.pluralruleparser%7Cmediawiki.page.ready%7Cmustache-DBEtaZBl.js%7Cnirvana-CF2LOj1N.js%7CofType-cum6nKD-.js%7CparseExpBucketCookie-D-6bnpzR.js%7Cpathfinder-BxpM5Ld-.js%7CsearchModalUtils-Cd_h4dkC.js%7Csite%7CsitenoticeVisibility-CPygwrNm.js%7Cskin.fandomdesktop.gallery.js%7Cskin.fandomdesktop.js%2Cmessages%7Cskin.fandomdesktop.rail.lazyRail.js%7Cskin.fandomdesktop.rail.toggle.js%7Cstyle-inject.es-C5GBklBY.js%7Csvg-B8L5EMbJ.js%7Ctabs-B-QP4eRZ.js%7Ctake-By1OHix9.js%7Ctooltips-BYh0x3gF.js%7Ctouch-screen-CsZNuxGe.js%7CtrackScroll-rD7Q-52C.js%7Ctracking-CAw2fp4u.js%7Ctracking-vY1mwxJE.js%7CtrackingUtils-Ce7Ngp1k.js%7Ctslib.es6-5f224187-NzHIS87_.js%7Ctslib.es6-o5t7IqQz.js%7Cuncrawlable-url-utils-DFgRfLLd.js%7CuseTranslation-jTn9ikm-.js%7Cutils-C_cqHdZC.js%7Cutils-Cf3vHLVw.js%7Cutils-Dhxr1r_f.js%7Cvignette-D9l8oI8A.js%7CwaitForFandomCmpAllowed-CsE36yMw.js&skin=fandomdesktop&version=gtoxs:24
[    2272ms] [ERROR] Failed to load resource: the server responded with a status of 404 () @ https://dont-starve-game.fandom.com/vi/wiki/JWPlayer.js:0
[    2987ms] [ERROR] Failed to load resource: the server responded with a status of 404 () @ https://services.fandom.com/galactus-user-profile/profiles/jUkmUOXPFa:0
[    2991ms] [WARNING] Google Deploy of the SharedId library has been deprecated. Please select another option in the GAM UI. If you use Prebid, we suggest the Prebid.js UserId option. If you do not, you may configure GAM to allow Google to share a first party user identifier with OB and AB participants, which is either the publisherProvidedId or the __gads value when that is missing. @ https://cdn.jsdelivr.net/gh/prebid/shared-id/pubcid.js/docs/pubcid.min.js:0
[    3100ms] [WARNING] [Odyssey] [p2]: waitForFandomTaxonomyPresent timed out undefined undefined @ https://script.wikia.nocookie.net/fandom-ae-assets/odyssey/host/production/main.js:0
[    3960ms] [LOG] PLSUB init called 17765162922065804 @ https://cdn-gl.imrworldwide.com/novms/js/2/nlsSDK600.bundle.min.js:5
[    4168ms] [WARNING] [GPT] Using deprecated googletag.encryptedSignalProviders. Please use googletag.secureSignalProviders instead.
https://goo.gle/gpt-message#155 @ https://securepubads.g.doubleclick.net/pagead/managed/js/gpt/m202604130101/pubads_impl.js:18
[    4205ms] [WARNING] [GPT] Using deprecated googletag.encryptedSignalProviders. Please use googletag.secureSignalProviders instead.
https://goo.gle/gpt-message#155 @ https://securepubads.g.doubleclick.net/pagead/managed/js/gpt/m202604130101/pubads_impl.js:18
[    4470ms] [LOG] %cPathfinder | 4.4328s | Rendered modules color: #fff;padding: 2px 4px;border-radius: 2px;background-color: #334 [] @ https://static.wikia.nocookie.net/silversurfer/prod/latest/pathfinder.js:0
[    4472ms] [LOG] PHQ=false @ https://static.wikia.nocookie.net/silversurfer/prod/latest/pathfinder.js:0
[    4520ms] [WARNING] [GPT] Using deprecated googletag.encryptedSignalProviders. Please use googletag.secureSignalProviders instead.
https://goo.gle/gpt-message#155 @ https://securepubads.g.doubleclick.net/pagead/managed/js/gpt/m202604130101/pubads_impl.js:18
[    4729ms] [WARNING] [GPT] Slot mid_boxad rendered inside of the viewport.
https://goo.gle/gpt-message#169 @ https://securepubads.g.doubleclick.net/pagead/managed/js/gpt/m202604130101/pubads_impl.js:18
[    5113ms] [LOG] -- src url https://cdn.doubleverify.com/dvtp_src.js#dvp_scripthash=1&t2te=0&seltag=1&adsrv=104&cmp=DV993185&ctx=28150781&sadv=28000692&ord=4010321713&litm=7256850946&scrt=138550111360&splc=/5441/wka1b.MR/top_boxad/desktop/ucp_desktop-fandom-article-ic/_not_a_top1k_wiki-gaming&adu=22432025610&unit=300x600&dvp_qtpid=&dvp_qtsid=&btreg=7256850946138550111360&btadsrv=7256850946138550111360 @ https://dont-starve-game.fandom.com/vi/wiki/Na_Tra:21
[    5121ms] [LOG] -- src url https://cdn.doubleverify.com/dvtp_src.js#dvp_scripthash=1&t2te=0&seltag=1&adsrv=104&cmp=DV993185&ctx=28150781&sadv=28000692&ord=4010321713&litm=7256850946&scrt=138549135882&splc=/5441/wka1b.LB/top_leaderboard/desktop/ucp_desktop-fandom-article-ic/_not_a_top1k_wiki-gaming&adu=22432025622&unit=970x250&dvp_qtpid=&dvp_qtsid=&btreg=top_leaderboard&btadsrv=top_leaderboard @ https://dont-starve-game.fandom.com/vi/wiki/Na_Tra:21
[    5474ms] [LOG] Skipped tag mbn g @ https://js.outcomes.net/fandom_9zBJcXvn6y44xLgl/gam_display.js:0
[    5528ms] [LOG] -- src url https://cdn.doubleverify.com/dvtp_src.js#dvp_scripthash=1&t2te=0&seltag=1&adsrv=104&cmp=DV993185&ctx=28150781&sadv=28000692&ord=2849884747&litm=7205218713&scrt=138545083786&splc=/5441/wka1b.HiVi/incontent_boxad/desktop/ucp_desktop-fandom-article-ic/_not_a_top1k_wiki-gaming&adu=23307937650&unit=300x250&dvp_qtpid=&dvp_qtsid=&btreg=7205218713138545083786&btadsrv=7205218713138545083786 @ :21
[    5719ms] [ERROR] Attestation check for Shared Storage on https://www.googleadservices.com failed. @ https://www.googleadservices.com/pagead/managed/js/activeview/current/reach_worklet.html:0
[    5721ms] [ERROR] Attestation check for Shared Storage on https://www.googleadservices.com failed. @ https://www.googleadservices.com/pagead/managed/js/activeview/current/reach_worklet.html:0
[    5722ms] [ERROR] Attestation check for Shared Storage on https://www.googleadservices.com failed. @ https://www.googleadservices.com/pagead/managed/js/activeview/current/reach_worklet.html:0
[    5723ms] [ERROR] Attestation check for Shared Storage on https://www.googleadservices.com failed. @ https://www.googleadservices.com/pagead/managed/js/activeview/current/reach_worklet.html:0
[    5724ms] [ERROR] Attestation check for Shared Storage on https://www.googleadservices.com failed. @ https://www.googleadservices.com/pagead/managed/js/activeview/current/reach_worklet.html:0
[    6369ms] [ERROR] Failed to load resource: net::ERR_CONNECTION_REFUSED @ https://cs.nex8.net/cs/openx:0
[    6438ms] [ERROR] Failed to load resource: the server responded with a status of 503 () @ https://sync-amz.ads.yieldmo.com/tamptsync?callback=https%3A%2F%2Fs.amazon-adsystem.com%2Fecm3%3Fex%3Dym.com%26id%3D%24UID&gdpr=0:0
[    7145ms] [TIMEEND] a: 0.0009765625 ms @ https://static.adsafeprotected.com/sca.17.6.4.js:31
[    9660ms] [ERROR] Refused to execute script from 'https://eb2.3lift.com/getuid?gpp=undefined&gpp_sid=undefined&gdpr=0&gdpr_consent=null&us_privacy=null&redir=https%3a%2f%2fcks.connatix.com%2fcks%3fpid%3d25%26ev%3d2-1c7d3edd3da44a17be7628fee18a3fbf%26pname%3dTripleLift%26api-tier%3d1%26uid%3d%24UID' because its MIME type ('image/gif') is not executable. @ https://dont-starve-game.fandom.com/vi/wiki/Na_Tra:0
[    9677ms] [ERROR] Syncing cannot be made with  https://eb2.3lift.com/getuid?gpp=undefined&gpp_sid=undefined&gdpr=0&gdpr_consent=null&us_privacy=null&redir=https%3a%2f%2fcks.connatix.com%2fcks%3fpid%3d25%26ev%3d2-1c7d3edd3da44a17be7628fee18a3fbf%26pname%3dTripleLift%26api-tier%3d1%26uid%3d%24UID @ https://cds.connatix.com/p/313712259/cSyncRemote.js:0
[    6369ms] [ERROR] Failed to load resource: net::ERR_CONNECTION_REFUSED @ https://cs.nex8.net/cs/openx:0
[   10753ms] [ERROR] Failed to load resource: net::ERR_NAME_NOT_RESOLVED @ https://dps.jp.cinarra.com/pxd?PLATFORM_ID=1&USER_ID=502e9814-d184-8842-e764-6d82ddcc878d:0
[   10796ms] [ERROR] Failed to load resource: net::ERR_NAME_NOT_RESOLVED @ https://match.rundsp.com/redirect?ex=openx:0
[    6369ms] [ERROR] Failed to load resource: net::ERR_CONNECTION_REFUSED @ https://cs.nex8.net/cs/openx:0
[   10753ms] [ERROR] Failed to load resource: net::ERR_NAME_NOT_RESOLVED @ https://dps.jp.cinarra.com/pxd?PLATFORM_ID=1&USER_ID=502e9814-d184-8842-e764-6d82ddcc878d:0
[   10796ms] [ERROR] Failed to load resource: net::ERR_NAME_NOT_RESOLVED @ https://match.rundsp.com/redirect?ex=openx:0
[   10946ms] [ERROR] Failed to load resource: the server responded with a status of 404 () @ https://cs.krushmedia.com/4831fbf13dd518a56346a6e0ec8ba9d5.gif?puid=ID5-1-22d34251-2fe9-4d60-988d-889d587e8c67&redir=https%3A%2F%2Fsync.inmobi.com%2Fsetuid%3FbidderID%3D1315%26dspUserId%3D%5BUID%5D&gdpr=0&gdpr_consent=:0
[   11022ms] [ERROR] Failed to load resource: net::ERR_NAME_NOT_RESOLVED @ https://j.mrpdata.net/c.html?ex=OpenX&gdpr=0&gdpr_consent=null:0
[    6438ms] [ERROR] Failed to load resource: the server responded with a status of 503 () @ https://sync-amz.ads.yieldmo.com/tamptsync?callback=https%3A%2F%2Fs.amazon-adsystem.com%2Fecm3%3Fex%3Dym.com%26id%3D%24UID&gdpr=0:0
[   11097ms] [ERROR] Failed to load resource: the server responded with a status of 503 () @ https://sync-amz.ads.yieldmo.com/tamptsync?callback=https%3A%2F%2Fs.amazon-adsystem.com%2Fecm3%3Fex%3Dym.com%26id%3D%24UID&gdpr=0:0
[   11241ms] [ERROR] Refused to execute script from 'https://capi.connatix.com/us/pixel?puid=3272965324659940441&pId=40&gdpr=0&gdpr_consent=' because its MIME type ('image/gif') is not executable. @ https://dont-starve-game.fandom.com/vi/wiki/Na_Tra:0
[   11241ms] [ERROR] Syncing cannot be made with  https://ssbsync.smartadserver.com/api/sync?callerId=6&nwid=3630&gdpr=0&gdpr_consent=null&url=https%3a%2f%2fcks.connatix.com%2fcks%3fpid%3d40%26ev%3d2-1c7d3edd3da44a17be7628fee18a3fbf%26pname%3dSmartAdServer%26api-tier%3d1%26uid%3D%5Bsas_uid%5D @ https://cds.connatix.com/p/313712259/cSyncRemote.js:0
[   11424ms] [ERROR] Failed to load resource: the server responded with a status of 400 () @ https://match.prod.bidr.io/cookie-sync/connatix?redir=https%3A%2F%2Fcapi.connatix.com%2Fcore%2Fus%3FDemandPartner%3D15%26UserId%3D2-1c7d3edd3da44a17be7628fee18a3fbf%26DemandPartnerName%3DBeeswax%26tier%3D1%26uid%3D%7Buserid%7D&gdpr=0:0
[   12022ms] [ERROR] Refused to execute script from 'https://hbx.media.net/cksync.php?cs=8&vsid=4195178942227096000V10&type=r1&refUrl=&vid=65162992884195178942227096000V10&axid_e=&ovsid=RX-f4a9d556-64f5-4c90-bdef-285cd0a9e0f3-004' because its MIME type ('image/gif') is not executable. @ https://dont-starve-game.fandom.com/vi/wiki/Na_Tra:0
[   12022ms] [ERROR] Syncing cannot be made with  https://sync.1rx.io/usersync2/rmpssp?sub=connatix&redir=https%3A%2F%2Fcks.connatix.com%2Fcks%3Fpid%3D44%26ev%3D2-1c7d3edd3da44a17be7628fee18a3fbf%26pname%3DNexxen%26api-tier%3D1%26uid%3D%5BRX_UUID%5D&gdpr=0 @ https://cds.connatix.com/p/313712259/cSyncRemote.js:0
[   12988ms] [ERROR] Failed to load resource: the server responded with a status of 400 () @ https://cs.ingage.tech/v1/sync/equative/4cdfa36a-d754-4f41-a9bb-8507a1a7d7c1?uid=:0
[    6369ms] [ERROR] Failed to load resource: net::ERR_CONNECTION_REFUSED @ https://cs.nex8.net/cs/openx:0
[   10753ms] [ERROR] Failed to load resource: net::ERR_NAME_NOT_RESOLVED @ https://dps.jp.cinarra.com/pxd?PLATFORM_ID=1&USER_ID=502e9814-d184-8842-e764-6d82ddcc878d:0
[   10796ms] [ERROR] Failed to load resource: net::ERR_NAME_NOT_RESOLVED @ https://match.rundsp.com/redirect?ex=openx:0
[   11022ms] [ERROR] Failed to load resource: net::ERR_NAME_NOT_RESOLVED @ https://j.mrpdata.net/c.html?ex=OpenX&gdpr=0&gdpr_consent=null:0
[   16647ms] [ERROR] %cSilverSurfer | 16.6098s | Cross domain timeout background-color: silver;;padding: 2px 4px;border-radius: 2px;color: #300 @ https://static.wikia.nocookie.net/silversurfer/prod/latest/sdk.js:0
