[     289ms] [LOG] -- src url https://cdn.doubleverify.com/dvtp_src.js#dvp_scripthash=1&t2te=0&seltag=1&adsrv=104&cmp=DV993185&ctx=28150781&sadv=28000692&ord=4010321713&litm=7256850946&scrt=138549135882&splc=/5441/wka1b.LB/top_leaderboard/desktop/ucp_desktop-fandom-article-ic/_not_a_top1k_wiki-gaming&adu=22432025622&unit=970x250&dvp_qtpid=&dvp_qtsid=&btreg=top_leaderboard&btadsrv=top_leaderboard @ :21
[     343ms] [LOG] -- src url https://cdn.doubleverify.com/dvtp_src.js#dvp_scripthash=1&t2te=0&seltag=1&adsrv=104&cmp=DV993185&ctx=28150781&sadv=28000692&ord=4010321713&litm=7256850946&scrt=138549135588&splc=/5441/wka1b.MR/top_boxad/desktop/ucp_desktop-fandom-article-ic/_not_a_top1k_wiki-gaming&adu=22432025610&unit=300x250&dvp_qtpid=&dvp_qtsid=&btreg=7256850946138549135588&btadsrv=7256850946138549135588 @ :21
[  -30614ms] [ERROR] Attestation check for Shared Storage on https://www.googleadservices.com failed. @ https://www.googleadservices.com/pagead/managed/js/activeview/current/reach_worklet.html:0
[  -30612ms] [ERROR] Attestation check for Shared Storage on https://www.googleadservices.com failed. @ https://www.googleadservices.com/pagead/managed/js/activeview/current/reach_worklet.html:0
[  -30611ms] [ERROR] Attestation check for Shared Storage on https://www.googleadservices.com failed. @ https://www.googleadservices.com/pagead/managed/js/activeview/current/reach_worklet.html:0
[  -30610ms] [ERROR] Attestation check for Shared Storage on https://www.googleadservices.com failed. @ https://www.googleadservices.com/pagead/managed/js/activeview/current/reach_worklet.html:0
[  -30609ms] [ERROR] Attestation check for Shared Storage on https://www.googleadservices.com failed. @ https://www.googleadservices.com/pagead/managed/js/activeview/current/reach_worklet.html:0
[  -30614ms] [ERROR] Attestation check for Shared Storage on https://www.googleadservices.com failed. @ https://www.googleadservices.com/pagead/managed/js/activeview/current/reach_worklet.html:0
[  -30612ms] [ERROR] Attestation check for Shared Storage on https://www.googleadservices.com failed. @ https://www.googleadservices.com/pagead/managed/js/activeview/current/reach_worklet.html:0
[  -30611ms] [ERROR] Attestation check for Shared Storage on https://www.googleadservices.com failed. @ https://www.googleadservices.com/pagead/managed/js/activeview/current/reach_worklet.html:0
[  -30610ms] [ERROR] Attestation check for Shared Storage on https://www.googleadservices.com failed. @ https://www.googleadservices.com/pagead/managed/js/activeview/current/reach_worklet.html:0
[  -30609ms] [ERROR] Attestation check for Shared Storage on https://www.googleadservices.com failed. @ https://www.googleadservices.com/pagead/managed/js/activeview/current/reach_worklet.html:0
[     659ms] [ERROR] Attestation check for Shared Storage on https://www.googleadservices.com failed. @ https://www.googleadservices.com/pagead/managed/js/activeview/current/reach_worklet.html:0
[     660ms] [ERROR] Attestation check for Shared Storage on https://www.googleadservices.com failed. @ https://www.googleadservices.com/pagead/managed/js/activeview/current/reach_worklet.html:0
[  -30614ms] [ERROR] Attestation check for Shared Storage on https://www.googleadservices.com failed. @ https://www.googleadservices.com/pagead/managed/js/activeview/current/reach_worklet.html:0
[  -30612ms] [ERROR] Attestation check for Shared Storage on https://www.googleadservices.com failed. @ https://www.googleadservices.com/pagead/managed/js/activeview/current/reach_worklet.html:0
[  -30611ms] [ERROR] Attestation check for Shared Storage on https://www.googleadservices.com failed. @ https://www.googleadservices.com/pagead/managed/js/activeview/current/reach_worklet.html:0
[  -30610ms] [ERROR] Attestation check for Shared Storage on https://www.googleadservices.com failed. @ https://www.googleadservices.com/pagead/managed/js/activeview/current/reach_worklet.html:0
[  -30609ms] [ERROR] Attestation check for Shared Storage on https://www.googleadservices.com failed. @ https://www.googleadservices.com/pagead/managed/js/activeview/current/reach_worklet.html:0
[     659ms] [ERROR] Attestation check for Shared Storage on https://www.googleadservices.com failed. @ https://www.googleadservices.com/pagead/managed/js/activeview/current/reach_worklet.html:0
[     660ms] [ERROR] Attestation check for Shared Storage on https://www.googleadservices.com failed. @ https://www.googleadservices.com/pagead/managed/js/activeview/current/reach_worklet.html:0
[     694ms] [ERROR] Attestation check for Shared Storage on https://www.googleadservices.com failed. @ https://www.googleadservices.com/pagead/managed/js/activeview/current/reach_worklet.html:0
[    1118ms] [TIMEEND] a: 0.0009765625 ms @ https://static.adsafeprotected.com/sca.17.6.4.js:31
[    2073ms] [INFO] exp_bucket cookie is not set or has an invalid value. DTNR observability will not be initialized. @ https://dont-starve-game.fandom.com/vi/__cb3413557898015381/resources-ucp/mw143/dist/scripts/dtnr-observability.js:0
[    2434ms] [WARNING] This page is using the deprecated ResourceLoader module "skin.fandomdesktop.styles".
[1.43] The use of the `interface-message-box` feature with SkinModule is deprecated in favor of CodexModule. Please remove this feature.More information can be found at [[mw:Manual:ResourceLoaderSkinModule]].  @ https://dont-starve-game.fandom.com/vi/wiki/T%C3%B4n_Ng%E1%BB%99_Kh%C3%B4ng:4342
[    2439ms] [ERROR] Access to fetch at 'https://services.fandom.com/identity-storage/identity' from origin 'https://dont-starve-game.fandom.com' has been blocked by CORS policy: Response to preflight request doesn't pass access control check: No 'Access-Control-Allow-Origin' header is present on the requested resource. @ https://dont-starve-game.fandom.com/vi/wiki/T%C3%B4n_Ng%E1%BB%99_Kh%C3%B4ng:0
[    2439ms] [ERROR] Failed to load resource: net::ERR_FAILED @ https://services.fandom.com/identity-storage/identity:0
[    2599ms] [LOG] PLSUB init called 17765163271753472 @ https://cdn-gl.imrworldwide.com/novms/js/2/nlsSDK600.bundle.min.js:5
[    2686ms] [WARNING] This page is using the deprecated ResourceLoader module "mediawiki.Uri".
[1.43] Please use browser native URL. @ https://dont-starve-game.fandom.com/vi/load.php?cb=20230730025502&lang=vi&modules=startup&only=scripts&raw=1&skin=fandomdesktop:0
[    2690ms] [WARNING] Use of "mw.RegExp.escape" is deprecated. Use mw.util.escapeRegExp() instead. @ https://dont-starve-game.fandom.com/vi/load.php?lang=vi&modules=mediawiki.base&skin=fandomdesktop&version=n1uts:1
[    2850ms] [WARNING] [Odyssey] [p2]: waitForFandomTaxonomyPresent timed out undefined undefined @ https://script.wikia.nocookie.net/fandom-ae-assets/odyssey/host/production/main.js:0
[    2954ms] [ERROR] Failed to load resource: the server responded with a status of 404 () @ https://services.fandom.com/galactus-user-profile/profiles/jUkmUOXPFa:0
[    3022ms] [ERROR] Failed to load resource: the server responded with a status of 404 () @ https://dont-starve-game.fandom.com/vi/wiki/JWPlayer.js:0
[    3300ms] [WARNING] react-i18next:: You will need to pass in an i18next instance by using initReactI18next @ https://auth.fandom.com/_next/static/chunks/pages/_app-46a2c845df66337f.js:0
[    3327ms] [LOG] -- src url https://cdn.doubleverify.com/dvtp_src.js#dvp_scripthash=1&t2te=0&seltag=1&adsrv=104&cmp=DV993185&ctx=28150781&sadv=28000692&ord=2849884747&litm=7205218713&scrt=138544170702&splc=/5441/wka1b.MR/top_boxad/desktop/ucp_desktop-fandom-article-ic/_not_a_top1k_wiki-gaming&adu=22432025610&unit=300x600&dvp_qtpid=&dvp_qtsid=&btreg=7205218713138544170702&btadsrv=7205218713138544170702 @ :21
[    3362ms] [LOG] %cPathfinder | 3.3162s | Rendered modules color: #fff;padding: 2px 4px;border-radius: 2px;background-color: #334 [] @ https://static.wikia.nocookie.net/silversurfer/prod/latest/pathfinder.js:0
[    3364ms] [LOG] PHQ=false @ https://static.wikia.nocookie.net/silversurfer/prod/latest/pathfinder.js:0
[    3443ms] [LOG] Dropped script tag mbn g @ https://js.outcomes.net/fandom_9zBJcXvn6y44xLgl/gam_display.js:0
[    3454ms] [ERROR] Failed to load resource: the server responded with a status of 503 () @ https://sync-amz.ads.yieldmo.com/tamptsync?callback=https%3A%2F%2Fs.amazon-adsystem.com%2Fecm3%3Fex%3Dym.com%26id%3D%24UID&gdpr=0:0
[    3558ms] [LOG] %cSilverSurfer | 0.8516s | Manual pageview is enabled background-color: silver;;padding: 2px 4px;border-radius: 2px;color: #000 @ https://static.wikia.nocookie.net/silversurfer/prod/latest/sdk.js:0
[    3667ms] [INFO] Validated parent origin @ https://auth.fandom.com/_next/static/chunks/pages/auth/onetap/init-9a46c7e58433bbf4.js:0
[    3706ms] [ERROR] Attestation check for Shared Storage on https://www.googleadservices.com failed. @ https://www.googleadservices.com/pagead/managed/js/activeview/current/reach_worklet.html:0
[    3707ms] [ERROR] Attestation check for Shared Storage on https://www.googleadservices.com failed. @ https://www.googleadservices.com/pagead/managed/js/activeview/current/reach_worklet.html:0
[    3707ms] [ERROR] Attestation check for Shared Storage on https://www.googleadservices.com failed. @ https://www.googleadservices.com/pagead/managed/js/activeview/current/reach_worklet.html:0
[    3709ms] [ERROR] Attestation check for Shared Storage on https://www.googleadservices.com failed. @ https://www.googleadservices.com/pagead/managed/js/activeview/current/reach_worklet.html:0
[    3939ms] [WARNING] [GSI_LOGGER]: Your client application may not display Google One Tap when FedCM becomes mandatory. Opt-in to FedCM to test that you have the proper cross-origin permission policy set up. Ignore this message if One Tap is displayed after opt-in to FedCM. Learn more: (https://developers.google.com/identity/gsi/web/guides/fedcm-migration?s=dc#cross_origin) @ https://accounts.google.com/gsi/client:84
[    3939ms] [WARNING] [GSI_LOGGER]: Your client application uses one of the Google One Tap prompt UI status methods that may stop functioning when FedCM becomes mandatory. Refer to the migration guide to update your code accordingly and opt-in to FedCM to test your changes. Learn more: https://developers.google.com/identity/gsi/web/guides/fedcm-migration?s=dc#display_moment and https://developers.google.com/identity/gsi/web/guides/fedcm-migration?s=dc#skipped_moment @ https://accounts.google.com/gsi/client:84
[    3939ms] [ERROR] Not signed in with the identity provider. @ https://auth.fandom.com/auth/onetap/init?uselang=vi&wikiId=876637&vertical=games&metadata=one-tap&redirect=https%3A%2F%2Fdont-starve-game.fandom.com%2Fvi%2Fwiki%2FT%25C3%25B4n_Ng%25E1%25BB%2599_Kh%25C3%25B4ng:0
[    3706ms] [ERROR] Attestation check for Shared Storage on https://www.googleadservices.com failed. @ https://www.googleadservices.com/pagead/managed/js/activeview/current/reach_worklet.html:0
[    3707ms] [ERROR] Attestation check for Shared Storage on https://www.googleadservices.com failed. @ https://www.googleadservices.com/pagead/managed/js/activeview/current/reach_worklet.html:0
[    3707ms] [ERROR] Attestation check for Shared Storage on https://www.googleadservices.com failed. @ https://www.googleadservices.com/pagead/managed/js/activeview/current/reach_worklet.html:0
[    3709ms] [ERROR] Attestation check for Shared Storage on https://www.googleadservices.com failed. @ https://www.googleadservices.com/pagead/managed/js/activeview/current/reach_worklet.html:0
[    4032ms] [ERROR] Attestation check for Shared Storage on https://www.googleadservices.com failed. @ https://www.googleadservices.com/pagead/managed/js/activeview/current/reach_worklet.html:0
[    6893ms] [ERROR] Failed to load resource: the server responded with a status of 400 () @ https://match.prod.bidr.io/cookie-sync/connatix?redir=https%3A%2F%2Fcapi.connatix.com%2Fcore%2Fus%3FDemandPartner%3D15%26UserId%3D2-1c7d3edd3da44a17be7628fee18a3fbf%26DemandPartnerName%3DBeeswax%26tier%3D2%26uid%3D%7Buserid%7D&gdpr=0:0
[    6916ms] [ERROR] Refused to execute script from 'https://eb2.3lift.com/getuid?gpp=undefined&gpp_sid=undefined&gdpr=0&gdpr_consent=null&us_privacy=null&redir=https%3a%2f%2fcks.connatix.com%2fcks%3fpid%3d25%26ev%3d2-1c7d3edd3da44a17be7628fee18a3fbf%26pname%3dTripleLift%26api-tier%3d2%26uid%3d%24UID' because its MIME type ('image/gif') is not executable. @ https://dont-starve-game.fandom.com/vi/wiki/T%C3%B4n_Ng%E1%BB%99_Kh%C3%B4ng:0
[    6936ms] [ERROR] Syncing cannot be made with  https://eb2.3lift.com/getuid?gpp=undefined&gpp_sid=undefined&gdpr=0&gdpr_consent=null&us_privacy=null&redir=https%3a%2f%2fcks.connatix.com%2fcks%3fpid%3d25%26ev%3d2-1c7d3edd3da44a17be7628fee18a3fbf%26pname%3dTripleLift%26api-tier%3d2%26uid%3d%24UID @ https://cds.connatix.com/p/313541063/cSyncRemote.js:0
[    7617ms] [ERROR] Refused to execute script from 'https://capi.connatix.com/us/pixel?puid=RX-f4a9d556-64f5-4c90-bdef-285cd0a9e0f3-004&pId=44' because its MIME type ('image/gif') is not executable. @ https://dont-starve-game.fandom.com/vi/wiki/T%C3%B4n_Ng%E1%BB%99_Kh%C3%B4ng:0
[    7617ms] [ERROR] Syncing cannot be made with  https://sync.1rx.io/usersync2/rmpssp?sub=connatix&redir=https%3A%2F%2Fcks.connatix.com%2Fcks%3Fpid%3D44%26ev%3D2-1c7d3edd3da44a17be7628fee18a3fbf%26pname%3DNexxen%26api-tier%3D2%26uid%3D%5BRX_UUID%5D&gdpr=0 @ https://cds.connatix.com/p/313541063/cSyncRemote.js:0
[    3454ms] [ERROR] Failed to load resource: the server responded with a status of 503 () @ https://sync-amz.ads.yieldmo.com/tamptsync?callback=https%3A%2F%2Fs.amazon-adsystem.com%2Fecm3%3Fex%3Dym.com%26id%3D%24UID&gdpr=0:0
[    7907ms] [ERROR] Failed to load resource: the server responded with a status of 503 () @ https://sync-amz.ads.yieldmo.com/tamptsync?callback=https%3A%2F%2Fs.amazon-adsystem.com%2Fecm3%3Fex%3Dym.com%26id%3D%24UID&gdpr=0:0
[    7929ms] [WARNING] The resource https://services.fandom.com/icbm/api/config?app=fandomdesktop&compact=true was preloaded using link preload but not used within a few seconds from the window's load event. Please make sure it has an appropriate `as` value and it is preloaded intentionally. @ https://dont-starve-game.fandom.com/vi/wiki/T%C3%B4n_Ng%E1%BB%99_Kh%C3%B4ng:0
[    7929ms] [WARNING] The resource https://services.fandom.com/icbm/api/config?app=fandomnoads&compact=true was preloaded using link preload but not used within a few seconds from the window's load event. Please make sure it has an appropriate `as` value and it is preloaded intentionally. @ https://dont-starve-game.fandom.com/vi/wiki/T%C3%B4n_Ng%E1%BB%99_Kh%C3%B4ng:0
