[    1694ms] [INFO] exp_bucket cookie is not set or has an invalid value. DTNR observability will not be initialized. @ https://dont-starve-game.fandom.com/vi/__cb3413557898015381/resources-ucp/mw143/dist/scripts/dtnr-observability.js:0
[    1784ms] [WARNING] This page is using the deprecated ResourceLoader module "skin.fandomdesktop.styles".
[1.43] The use of the `interface-message-box` feature with SkinModule is deprecated in favor of CodexModule. Please remove this feature.More information can be found at [[mw:Manual:ResourceLoaderSkinModule]].  @ https://dont-starve-game.fandom.com/vi/wiki/B%E1%BA%A1ch_C%E1%BB%91t_Phu_Nh%C3%A2n:4321
[    1925ms] [WARNING] This page is using the deprecated ResourceLoader module "mediawiki.Uri".
[1.43] Please use browser native URL. @ https://dont-starve-game.fandom.com/vi/load.php?cb=20230730025502&lang=vi&modules=startup&only=scripts&raw=1&skin=fandomdesktop:0
[    1927ms] [WARNING] Use of "mw.RegExp.escape" is deprecated. Use mw.util.escapeRegExp() instead. @ https://dont-starve-game.fandom.com/vi/load.php?lang=vi&modules=mediawiki.base&skin=fandomdesktop&version=n1uts:1
[    2206ms] [LOG] PLSUB init called 17765163601353345 @ https://cdn-gl.imrworldwide.com/novms/js/2/nlsSDK600.bundle.min.js:5
[    2409ms] [WARNING] react-i18next:: You will need to pass in an i18next instance by using initReactI18next @ https://auth.fandom.com/_next/static/chunks/pages/_app-46a2c845df66337f.js:0
[    2429ms] [INFO] Validated parent origin @ https://auth.fandom.com/_next/static/chunks/pages/auth/onetap/init-9a46c7e58433bbf4.js:0
[    2432ms] [WARNING] [GSI_LOGGER]: Your client application may not display Google One Tap when FedCM becomes mandatory. Opt-in to FedCM to test that you have the proper cross-origin permission policy set up. Ignore this message if One Tap is displayed after opt-in to FedCM. Learn more: (https://developers.google.com/identity/gsi/web/guides/fedcm-migration?s=dc#cross_origin) @ https://accounts.google.com/gsi/client:84
[    2432ms] [WARNING] [GSI_LOGGER]: Your client application uses one of the Google One Tap prompt UI status methods that may stop functioning when FedCM becomes mandatory. Refer to the migration guide to update your code accordingly and opt-in to FedCM to test your changes. Learn more: https://developers.google.com/identity/gsi/web/guides/fedcm-migration?s=dc#display_moment and https://developers.google.com/identity/gsi/web/guides/fedcm-migration?s=dc#skipped_moment @ https://accounts.google.com/gsi/client:84
[    2482ms] [WARNING] [Odyssey] [p2]: waitForFandomTaxonomyPresent timed out undefined undefined @ https://script.wikia.nocookie.net/fandom-ae-assets/odyssey/host/production/main.js:0
[    2498ms] [ERROR] Not signed in with the identity provider. @ https://auth.fandom.com/auth/onetap/init?uselang=vi&wikiId=876637&vertical=games&metadata=one-tap&redirect=https%3A%2F%2Fdont-starve-game.fandom.com%2Fvi%2Fwiki%2FB%25E1%25BA%25A1ch_C%25E1%25BB%2591t_Phu_Nh%25C3%25A2n:0
[    2518ms] [ERROR] Failed to load resource: the server responded with a status of 404 () @ https://dont-starve-game.fandom.com/vi/wiki/JWPlayer.js:0
[    2606ms] [ERROR] Failed to load resource: the server responded with a status of 404 () @ https://services.fandom.com/galactus-user-profile/profiles/jUkmUOXPFa:0
[    2664ms] [LOG] %cSilverSurfer | 0.6528s | Manual pageview is enabled background-color: silver;;padding: 2px 4px;border-radius: 2px;color: #000 @ https://static.wikia.nocookie.net/silversurfer/prod/latest/sdk.js:0
[    2926ms] [LOG] %cPathfinder | 2.8826s | Rendered modules color: #fff;padding: 2px 4px;border-radius: 2px;background-color: #334 [] @ https://static.wikia.nocookie.net/silversurfer/prod/latest/pathfinder.js:0
[    2928ms] [LOG] PHQ=false @ https://static.wikia.nocookie.net/silversurfer/prod/latest/pathfinder.js:0
[    3030ms] [ERROR] Failed to load resource: the server responded with a status of 503 () @ https://sync-amz.ads.yieldmo.com/tamptsync?callback=https%3A%2F%2Fs.amazon-adsystem.com%2Fecm3%3Fex%3Dym.com%26id%3D%24UID&gdpr=0:0
[    3685ms] [ERROR] Attestation check for Shared Storage on https://www.googleadservices.com failed. @ https://www.googleadservices.com/pagead/managed/js/activeview/current/reach_worklet.html:0
[    3687ms] [ERROR] Attestation check for Shared Storage on https://www.googleadservices.com failed. @ https://www.googleadservices.com/pagead/managed/js/activeview/current/reach_worklet.html:0
[    3688ms] [ERROR] Attestation check for Shared Storage on https://www.googleadservices.com failed. @ https://www.googleadservices.com/pagead/managed/js/activeview/current/reach_worklet.html:0
[    3689ms] [ERROR] Attestation check for Shared Storage on https://www.googleadservices.com failed. @ https://www.googleadservices.com/pagead/managed/js/activeview/current/reach_worklet.html:0
[    3685ms] [ERROR] Attestation check for Shared Storage on https://www.googleadservices.com failed. @ https://www.googleadservices.com/pagead/managed/js/activeview/current/reach_worklet.html:0
[    3687ms] [ERROR] Attestation check for Shared Storage on https://www.googleadservices.com failed. @ https://www.googleadservices.com/pagead/managed/js/activeview/current/reach_worklet.html:0
[    3688ms] [ERROR] Attestation check for Shared Storage on https://www.googleadservices.com failed. @ https://www.googleadservices.com/pagead/managed/js/activeview/current/reach_worklet.html:0
[    3689ms] [ERROR] Attestation check for Shared Storage on https://www.googleadservices.com failed. @ https://www.googleadservices.com/pagead/managed/js/activeview/current/reach_worklet.html:0
[    4542ms] [ERROR] Attestation check for Shared Storage on https://www.googleadservices.com failed. @ https://www.googleadservices.com/pagead/managed/js/activeview/current/reach_worklet.html:0
[    5316ms] [ERROR] Failed to load resource: the server responded with a status of 400 () @ https://match.prod.bidr.io/cookie-sync/connatix?redir=https%3A%2F%2Fcapi.connatix.com%2Fcore%2Fus%3FDemandPartner%3D15%26UserId%3D2-1c7d3edd3da44a17be7628fee18a3fbf%26DemandPartnerName%3DBeeswax%26tier%3D2%26uid%3D%7Buserid%7D&gdpr=0:0
[    5342ms] [ERROR] Refused to execute script from 'https://eb2.3lift.com/getuid?gpp=undefined&gpp_sid=undefined&gdpr=0&gdpr_consent=null&us_privacy=null&redir=https%3a%2f%2fcks.connatix.com%2fcks%3fpid%3d25%26ev%3d2-1c7d3edd3da44a17be7628fee18a3fbf%26pname%3dTripleLift%26api-tier%3d2%26uid%3d%24UID' because its MIME type ('image/gif') is not executable. @ https://dont-starve-game.fandom.com/vi/wiki/B%E1%BA%A1ch_C%E1%BB%91t_Phu_Nh%C3%A2n:0
[    5366ms] [ERROR] Syncing cannot be made with  https://eb2.3lift.com/getuid?gpp=undefined&gpp_sid=undefined&gdpr=0&gdpr_consent=null&us_privacy=null&redir=https%3a%2f%2fcks.connatix.com%2fcks%3fpid%3d25%26ev%3d2-1c7d3edd3da44a17be7628fee18a3fbf%26pname%3dTripleLift%26api-tier%3d2%26uid%3d%24UID @ https://cds.connatix.com/p/313541063/cSyncRemote.js:0
[    3030ms] [ERROR] Failed to load resource: the server responded with a status of 503 () @ https://sync-amz.ads.yieldmo.com/tamptsync?callback=https%3A%2F%2Fs.amazon-adsystem.com%2Fecm3%3Fex%3Dym.com%26id%3D%24UID&gdpr=0:0
[    6360ms] [ERROR] Failed to load resource: the server responded with a status of 503 () @ https://sync-amz.ads.yieldmo.com/tamptsync?callback=https%3A%2F%2Fs.amazon-adsystem.com%2Fecm3%3Fex%3Dym.com%26id%3D%24UID&gdpr=0:0
[    9928ms] [ERROR] Mixed Content: The page at 'https://dont-starve-game.fandom.com/vi/wiki/B%E1%BA%A1ch_C%E1%BB%91t_Phu_Nh%C3%A2n' was loaded over HTTPS, but requested an insecure frame 'http://sync.pmbmonetize.live/psync?t=s&e=247&gdpr=&gdpr_consent=&us_privacy=&gpp=&gpp_sid=&cb=https%3A%2F%2Fcookies.nextmillmedia.com%2Fsetuid%3Fbidder%3Dadipolo%26nmuid%3D%26gdpr%3D%26gdpr_consent%3D%26us_privacy%3D%26uid%3D%25USER_ID%25'. This request has been blocked; the content must be served over HTTPS. @ https://cookies.nextmillmedia.com/sync?redirect=https%3A%2F%2Fsync.adkernel.com%2Fuser-sync%3Fzone%3D338420%26dsp%3D836447%26t%3Diframe%26uid%3D%5BNMUID%5D:42
[    9928ms] [ERROR] Mixed Content: The page at 'https://dont-starve-game.fandom.com/vi/wiki/B%E1%BA%A1ch_C%E1%BB%91t_Phu_Nh%C3%A2n' was loaded over HTTPS, but requested an insecure frame 'http://sync.pmbmonetize.live/psync?t=s&e=247&gdpr=&gdpr_consent=&us_privacy=&gpp=&gpp_sid=&cb=https%3A%2F%2Fcookies.nextmillmedia.com%2Fsetuid%3Fbidder%3Dadipolo%26nmuid%3D%26gdpr%3D%26gdpr_consent%3D%26us_privacy%3D%26uid%3D%25USER_ID%25'. This request has been blocked; the content must be served over HTTPS. @ https://cookies.nextmillmedia.com/sync?redirect=https%3A%2F%2Fsync.adkernel.com%2Fuser-sync%3Fzone%3D338420%26dsp%3D836447%26t%3Diframe%26uid%3D%5BNMUID%5D:42
[   10965ms] [ERROR] Failed to load resource: the server responded with a status of 400 (Bad Request) @ https://cpm.vistarsagency.com/user-sync?zone=297502&t=image&r=https%3A%2F%2Fprebid.admatic.de%2Fsetuid%3Fbidder%3Dvistar%26gdpr%3D%26gdpr_consent%3D%26f%3Di%26uid%3D%7BUID%7D:0
[   10965ms] [ERROR] Failed to load resource: the server responded with a status of 400 (Bad Request) @ https://cpm.vistarsagency.com/user-sync?zone=297502&t=image&r=https%3A%2F%2Fprebid.admatic.de%2Fsetuid%3Fbidder%3Dvistar%26gdpr%3D%26gdpr_consent%3D%26f%3Di%26uid%3D%7BUID%7D:0
[   11325ms] [ERROR] Failed to load resource: the server responded with a status of 400 (Bad Request) @ https://cpm.vistarsagency.com/user-sync?zone=297502&t=image&r=https%3A%2F%2Fprebid.admatic.de%2Fsetuid%3Fbidder%3Dvistar%26gdpr%3D%26gdpr_consent%3D%26f%3Di%26uid%3D%7BUID%7D:0
[   11807ms] [ERROR] Failed to load resource: the server responded with a status of 400 (Bad Request) @ https://cpm.vistarsagency.com/user-sync?zone=297502&t=image&r=https%3A%2F%2Fprebid.admatic.de%2Fsetuid%3Fbidder%3Dvistar%26gdpr%3D%26gdpr_consent%3D%26f%3Di%26uid%3D%7BUID%7D:0
[   10965ms] [ERROR] Failed to load resource: the server responded with a status of 400 (Bad Request) @ https://cpm.vistarsagency.com/user-sync?zone=297502&t=image&r=https%3A%2F%2Fprebid.admatic.de%2Fsetuid%3Fbidder%3Dvistar%26gdpr%3D%26gdpr_consent%3D%26f%3Di%26uid%3D%7BUID%7D:0
[   11325ms] [ERROR] Failed to load resource: the server responded with a status of 400 (Bad Request) @ https://cpm.vistarsagency.com/user-sync?zone=297502&t=image&r=https%3A%2F%2Fprebid.admatic.de%2Fsetuid%3Fbidder%3Dvistar%26gdpr%3D%26gdpr_consent%3D%26f%3Di%26uid%3D%7BUID%7D:0
[   11807ms] [ERROR] Failed to load resource: the server responded with a status of 400 (Bad Request) @ https://cpm.vistarsagency.com/user-sync?zone=297502&t=image&r=https%3A%2F%2Fprebid.admatic.de%2Fsetuid%3Fbidder%3Dvistar%26gdpr%3D%26gdpr_consent%3D%26f%3Di%26uid%3D%7BUID%7D:0
[   10965ms] [ERROR] Failed to load resource: the server responded with a status of 400 (Bad Request) @ https://cpm.vistarsagency.com/user-sync?zone=297502&t=image&r=https%3A%2F%2Fprebid.admatic.de%2Fsetuid%3Fbidder%3Dvistar%26gdpr%3D%26gdpr_consent%3D%26f%3Di%26uid%3D%7BUID%7D:0
[   11325ms] [ERROR] Failed to load resource: the server responded with a status of 400 (Bad Request) @ https://cpm.vistarsagency.com/user-sync?zone=297502&t=image&r=https%3A%2F%2Fprebid.admatic.de%2Fsetuid%3Fbidder%3Dvistar%26gdpr%3D%26gdpr_consent%3D%26f%3Di%26uid%3D%7BUID%7D:0
[   11807ms] [ERROR] Failed to load resource: the server responded with a status of 400 (Bad Request) @ https://cpm.vistarsagency.com/user-sync?zone=297502&t=image&r=https%3A%2F%2Fprebid.admatic.de%2Fsetuid%3Fbidder%3Dvistar%26gdpr%3D%26gdpr_consent%3D%26f%3Di%26uid%3D%7BUID%7D:0
[   10965ms] [ERROR] Failed to load resource: the server responded with a status of 400 (Bad Request) @ https://cpm.vistarsagency.com/user-sync?zone=297502&t=image&r=https%3A%2F%2Fprebid.admatic.de%2Fsetuid%3Fbidder%3Dvistar%26gdpr%3D%26gdpr_consent%3D%26f%3Di%26uid%3D%7BUID%7D:0
[   11325ms] [ERROR] Failed to load resource: the server responded with a status of 400 (Bad Request) @ https://cpm.vistarsagency.com/user-sync?zone=297502&t=image&r=https%3A%2F%2Fprebid.admatic.de%2Fsetuid%3Fbidder%3Dvistar%26gdpr%3D%26gdpr_consent%3D%26f%3Di%26uid%3D%7BUID%7D:0
[   11807ms] [ERROR] Failed to load resource: the server responded with a status of 400 (Bad Request) @ https://cpm.vistarsagency.com/user-sync?zone=297502&t=image&r=https%3A%2F%2Fprebid.admatic.de%2Fsetuid%3Fbidder%3Dvistar%26gdpr%3D%26gdpr_consent%3D%26f%3Di%26uid%3D%7BUID%7D:0
[   13358ms] [ERROR] [GSI_LOGGER]: FedCM get() rejects with NetworkError: Error retrieving a token. @ https://accounts.google.com/gsi/client:85
[   13713ms] [ERROR] Failed to load resource: net::ERR_SOCKET_NOT_CONNECTED @ https://match.adsby.bidtheatre.com/rubiconmatch:0
